// Jest Snapshot v1, https://goo.gl/fbAQLP

exports[`app test 1`] = `
<h3>
  clarke
</h3>
`;
